  stdafx.cpp
  DrawDevice.cpp
  Dynamixel.cpp
f:\kinectic\c++\skeletalviewer\dynamixel.cpp(897): warning C4473: 'printf' : not enough arguments passed for format string
  f:\kinectic\c++\skeletalviewer\dynamixel.cpp(897): note: placeholders and their parameters expect 2 variadic arguments, but 1 were provided
  f:\kinectic\c++\skeletalviewer\dynamixel.cpp(897): note: the missing variadic argument 2 is required by format string '%i'
f:\kinectic\c++\skeletalviewer\dynamixel.cpp(959): warning C4473: 'printf' : not enough arguments passed for format string
  f:\kinectic\c++\skeletalviewer\dynamixel.cpp(959): note: placeholders and their parameters expect 2 variadic arguments, but 1 were provided
  f:\kinectic\c++\skeletalviewer\dynamixel.cpp(959): note: the missing variadic argument 2 is required by format string '%i'
f:\kinectic\c++\skeletalviewer\dynamixel.cpp(1111): warning C4474: 'printf' : too many arguments passed for format string
  f:\kinectic\c++\skeletalviewer\dynamixel.cpp(1111): note: placeholders and their parameters expect 0 variadic arguments, but 1 were provided
  NuiImpl.cpp
f:\kinectic\c++\skeletalviewer\nuiimpl.cpp(220): warning C4101: 'result': unreferenced local variable
  SerialPort.cpp
  SkeletalViewer.cpp
  transformarCoordenadas.cpp
f:\kinectic\c++\skeletalviewer\transformarcoordenadas.cpp(60): warning C4305: 'initializing': truncation from 'double' to 'float'
f:\kinectic\c++\skeletalviewer\transformarcoordenadas.cpp(61): warning C4305: 'initializing': truncation from 'double' to 'float'
f:\kinectic\c++\skeletalviewer\transformarcoordenadas.cpp(85): warning C4305: 'argument': truncation from 'double' to 'const float'
f:\kinectic\c++\skeletalviewer\transformarcoordenadas.cpp(86): warning C4305: 'argument': truncation from 'double' to 'const float'
f:\kinectic\c++\skeletalviewer\transformarcoordenadas.cpp(102): warning C4305: 'argument': truncation from 'double' to 'const float'
f:\kinectic\c++\skeletalviewer\transformarcoordenadas.cpp(105): warning C4305: 'argument': truncation from 'double' to 'const float'
f:\kinectic\c++\skeletalviewer\transformarcoordenadas.cpp(107): warning C4305: '=': truncation from 'double' to 'float'
f:\kinectic\c++\skeletalviewer\transformarcoordenadas.cpp(108): warning C4305: '=': truncation from 'double' to 'float'
f:\kinectic\c++\skeletalviewer\transformarcoordenadas.cpp(109): warning C4305: '=': truncation from 'double' to 'float'
f:\kinectic\c++\skeletalviewer\transformarcoordenadas.cpp(119): warning C4305: '=': truncation from 'double' to 'float'
f:\kinectic\c++\skeletalviewer\transformarcoordenadas.cpp(120): warning C4305: '=': truncation from 'double' to 'float'
f:\kinectic\c++\skeletalviewer\transformarcoordenadas.cpp(121): warning C4305: '=': truncation from 'double' to 'float'
f:\kinectic\c++\skeletalviewer\transformarcoordenadas.cpp(409): warning C4244: '=': conversion from 'double' to 'float', possible loss of data
f:\kinectic\c++\skeletalviewer\transformarcoordenadas.cpp(412): warning C4244: '=': conversion from 'double' to 'float', possible loss of data
f:\kinectic\c++\skeletalviewer\transformarcoordenadas.cpp(421): warning C4305: '*=': truncation from 'double' to 'float'
f:\kinectic\c++\skeletalviewer\transformarcoordenadas.cpp(422): warning C4305: '*=': truncation from 'double' to 'float'
f:\kinectic\c++\skeletalviewer\transformarcoordenadas.cpp(423): warning C4305: '*=': truncation from 'double' to 'float'
f:\kinectic\c++\skeletalviewer\transformarcoordenadas.cpp(625): warning C4244: '=': conversion from 'double' to 'float', possible loss of data
f:\kinectic\c++\skeletalviewer\transformarcoordenadas.cpp(628): warning C4244: '=': conversion from 'double' to 'float', possible loss of data
f:\kinectic\c++\skeletalviewer\transformarcoordenadas.cpp(632): warning C4305: '*=': truncation from 'double' to 'float'
f:\kinectic\c++\skeletalviewer\transformarcoordenadas.cpp(633): warning C4305: '*=': truncation from 'double' to 'float'
f:\kinectic\c++\skeletalviewer\transformarcoordenadas.cpp(634): warning C4305: '*=': truncation from 'double' to 'float'
  Generating Code...
  SkeletalViewer.vcxproj -> F:\Kinectic\C++\SkeletalViewer\Debug\SkeletalViewer.exe
